// Jest Snapshot v1, https://goo.gl/fbAQLP

exports[`First test matches snapshort 1`] = `ShallowWrapper {}`;
